{
    "property1": "foo",
    "property2": "testValue0"
}
