[
    {
        "property1": "foo",
        "property2": "bar"
    },
    {
        "property1": "foo",
        "property2": "baz"
    },
    {
        "property1": "foo",
        "property2": "quux"
    },
    {
        "property1": "foo",
        "property2": "bar"
    },
    {
        "property1": "foo",
        "property2": "baz"
    }
]
